10000010
11000010
10100010
11100010
00000100
00001011
00010010
01000010
