00000000
11100110
11100110
10000000
11100110
00000011
00000000
11111111
