000000000000000000000000
101010000101011110101000
000000000000000000000000
000000000000000011111111
000000001111111100000001
101010000101011110101000
